Router>
Router>
Router>
Router>en 
Router#config t
Enter configuration commands, one per line.  End with CNTL/Z.
Router(config)#network 192.168.220.0
                ^
% Invalid input detected at '^' marker.
	
Router(config)#router rip
Router(config-router)#network 192.168.220.0
Router(config-router)#network 192.168.100.0
Router(config-router)#network 192.168.200.0
Router(config-router)#
Router(config-router)#
Router(config-router)#end
Router#configure terminal
Enter configuration commands, one per line.  End with CNTL/Z.
Router(config)#router rip
Router(config-router)#
%SYS-5-CONFIG_I: Configured from console by console

Router(config-router)#end
Router#configure terminal
Enter configuration commands, one per line.  End with CNTL/Z.
Router(config)#interface Serial2/0
Router(config-if)#
%SYS-5-CONFIG_I: Configured from console by console
no shutdown
Router(config-if)#
%LINK-5-CHANGED: Interface Serial2/0, changed state to up

%LINEPROTO-5-UPDOWN: Line protocol on Interface Serial2/0, changed state to up

Router(config-if)#
Router(config-if)#exit
Router(config)#interface Serial2/0
Router(config-if)#shutdown
Router(config-if)#
%LINK-5-CHANGED: Interface Serial2/0, changed state to administratively down

%LINEPROTO-5-UPDOWN: Line protocol on Interface Serial2/0, changed state to down
no shutdown
Router(config-if)#
%LINK-5-CHANGED: Interface Serial2/0, changed state to up

%LINEPROTO-5-UPDOWN: Line protocol on Interface Serial2/0, changed state to up

Router(config-if)#
Router(config-if)#
Router(config-if)#exit
Router(config)#interface Serial2/0
Router(config-if)#no ip address
Router(config-if)#ip address 192.168.230.1 255.255.255.0
Router(config-if)#ip address 192.168.230.1 255.255.255.0
Router(config-if)#
Router(config-if)#
Router(config-if)#exit
Router(config)#interface Serial3/0
Router(config-if)#
Router(config-if)#exit
Router(config)#interface Serial2/0
Router(config-if)#ip address 192.168.220.1 255.255.255.0
Router(config-if)#